// Jest Snapshot v1, https://goo.gl/fbAQLP

exports[`writes entry points to disk 1`] = `
"(function () {
  'use strict';

  (function() {
    console.log(\\"content script\\");
  })();

})();
"
`;

exports[`writes entry points to disk 2`] = `
"console.log(\\"service_worker.js\\");
"
`;
